  PlayerMovement.cpp
C:\Users\Ashley\Documents\GitHub\MarioSFML\SFML\SFML\Audio.hpp(19,25): warning C4834: discarding return value of function with [[nodiscard]] attribute
  (compiling source file 'PlayerMovement.cpp')
  
C:\Users\Ashley\Documents\GitHub\MarioSFML\SFML\SFML\Audio.hpp(20,27): warning C4834: discarding return value of function with [[nodiscard]] attribute
  (compiling source file 'PlayerMovement.cpp')
  
C:\Users\Ashley\Documents\GitHub\MarioSFML\SFML\SFML\Audio.hpp(23,26): warning C4834: discarding return value of function with [[nodiscard]] attribute
  (compiling source file 'PlayerMovement.cpp')
  
C:\Users\Ashley\Documents\GitHub\MarioSFML\SFML\SFML\Audio.hpp(24,20): warning C4834: discarding return value of function with [[nodiscard]] attribute
  (compiling source file 'PlayerMovement.cpp')
  
C:\Users\Ashley\Documents\GitHub\MarioSFML\SFML\SFML\Audio.hpp(25,21): warning C4834: discarding return value of function with [[nodiscard]] attribute
  (compiling source file 'PlayerMovement.cpp')
  
C:\Users\Ashley\Documents\GitHub\MarioSFML\SFML\SFML\Audio.hpp(26,24): warning C4834: discarding return value of function with [[nodiscard]] attribute
  (compiling source file 'PlayerMovement.cpp')
  
C:\Users\Ashley\Documents\GitHub\MarioSFML\SFML\SFML\Audio.hpp(27,20): warning C4834: discarding return value of function with [[nodiscard]] attribute
  (compiling source file 'PlayerMovement.cpp')
  
C:\Users\Ashley\Documents\GitHub\MarioSFML\SFML\SFML\Audio.hpp(28,20): warning C4834: discarding return value of function with [[nodiscard]] attribute
  (compiling source file 'PlayerMovement.cpp')
  
C:\Users\Ashley\Documents\GitHub\MarioSFML\SFML\SFML\Audio.hpp(29,23): warning C4834: discarding return value of function with [[nodiscard]] attribute
  (compiling source file 'PlayerMovement.cpp')
  
C:\Users\Ashley\Documents\GitHub\MarioSFML\SFML\SFML\Audio.hpp(30,25): warning C4834: discarding return value of function with [[nodiscard]] attribute
  (compiling source file 'PlayerMovement.cpp')
  
C:\Users\Ashley\Documents\GitHub\MarioSFML\SFML\SFML\PlayerMovement.cpp(108,68): warning C4244: 'argument': conversion from 'double' to 'T', possible loss of data
C:\Users\Ashley\Documents\GitHub\MarioSFML\SFML\SFML\PlayerMovement.cpp(108,68): warning C4244:         with
C:\Users\Ashley\Documents\GitHub\MarioSFML\SFML\SFML\PlayerMovement.cpp(108,68): warning C4244:         [
C:\Users\Ashley\Documents\GitHub\MarioSFML\SFML\SFML\PlayerMovement.cpp(108,68): warning C4244:             T=float
C:\Users\Ashley\Documents\GitHub\MarioSFML\SFML\SFML\PlayerMovement.cpp(108,68): warning C4244:         ]
C:\Users\Ashley\Documents\GitHub\MarioSFML\SFML\SFML\PlayerMovement.cpp(141,67): warning C4244: 'argument': conversion from 'double' to 'T', possible loss of data
C:\Users\Ashley\Documents\GitHub\MarioSFML\SFML\SFML\PlayerMovement.cpp(141,67): warning C4244:         with
C:\Users\Ashley\Documents\GitHub\MarioSFML\SFML\SFML\PlayerMovement.cpp(141,67): warning C4244:         [
C:\Users\Ashley\Documents\GitHub\MarioSFML\SFML\SFML\PlayerMovement.cpp(141,67): warning C4244:             T=float
C:\Users\Ashley\Documents\GitHub\MarioSFML\SFML\SFML\PlayerMovement.cpp(141,67): warning C4244:         ]
C:\Users\Ashley\Documents\GitHub\MarioSFML\SFML\SFML\PlayerMovement.cpp(212,16): warning C4267: 'initializing': conversion from 'size_t' to 'int', possible loss of data
  SFML.vcxproj -> C:\Users\Ashley\Documents\GitHub\MarioSFML\SFML\x64\Debug\SFML.exe
